[23/Sept/2026:14:58:33 -08:00: profiler/info] Detected Qualcomm SOC=SC8380XP. SOC Model=60, Hexagon arch=73, supports QNN=true, unsigned PDs=true, fp16=true, QNN flavor=default.
[23/Sept/2026:14:58:33 -08:00: profiler/info] This device type has up to 1 HTP cores but this may not reflect the current device's configuration.
[23/Sept/2026:14:58:33 -08:00: profiler/info] -=- Tungsten running task: compiling -=-
[23/Sept/2026:14:58:33 -08:00: profiler/info] Setting Windows DLL directory to C:\Temp\TestContent\bin\qnn_sdk\default\2.45.0\aarch64-windows-msvc.
[23/Sept/2026:07:58:33 -07:00: profiler/debug] [job_id: j5687vxyg] [model.onnx] No on-device processing required for ONNX model Models/model.onnx.
[23/Sept/2026:07:58:33 -07:00: profiler/info] [job_id: j5687vxyg] [model.onnx] Status Successfully Compiled with t = 0 us and usage: before = 0.0 kB; peakBefore = 0.0 kB; mallocUnusedBefore = 0.0 kB; after = 0.0 kB; peakAfter = 0.0 kB; mallocUnusedAfter = 0.0 kB; increase = 0.0-0.0 kB; peak = 0.0-0.0 kB
[23/Sept/2026:07:58:33 -07:00: profiler/info] [job_id: j5687vxyg] [model.onnx] Saving results to C:\Temp\QDC_logs\TungstenArtifacts\Results\job_j5687vxyg\job_j5687vxyg_results.bin
[23/Sept/2026:14:58:33 -08:00: profiler/info] Detected Qualcomm SOC=SC8380XP. SOC Model=60, Hexagon arch=73, supports QNN=true, unsigned PDs=true, fp16=true, QNN flavor=default.
[23/Sept/2026:14:58:33 -08:00: profiler/info] This device type has up to 1 HTP cores but this may not reflect the current device's configuration.
[23/Sept/2026:14:58:33 -08:00: profiler/info] -=- Tungsten running task: loading -=-
[23/Sept/2026:14:58:34 -08:00: profiler/info] Setting Windows DLL directory to C:\Temp\TestContent\bin\qnn_sdk\default\2.45.0\aarch64-windows-msvc.
[23/Sept/2026:07:58:34 -07:00: profiler/info] [job_id: j5687vxyg] [model.onnx] Loading previously saved results in C:\Temp\QDC_logs\TungstenArtifacts\Results\job_j5687vxyg\job_j5687vxyg_results.bin
[23/Sept/2026:07:58:34 -07:00: profiler/info] [job_id: j5687vxyg] [model.onnx] Loading onnx model C:\Temp\TestContent\Models\model.onnx
[23/Sept/2026:07:58:34 -07:00: profiler/debug] [job_id: j5687vxyg] [model.onnx] PageFaultCount: 5744
[23/Sept/2026:07:58:34 -07:00: profiler/debug] [job_id: j5687vxyg] [model.onnx] PeakWorkingSetSize: 20877312
[23/Sept/2026:07:58:34 -07:00: profiler/debug] [job_id: j5687vxyg] [model.onnx] WorkingSetSize: 20877312
[23/Sept/2026:07:58:34 -07:00: profiler/debug] [job_id: j5687vxyg] [model.onnx] QuotaPeakPagedPoolUsage: 262184
[23/Sept/2026:07:58:34 -07:00: profiler/debug] [job_id: j5687vxyg] [model.onnx] QuotaPagedPoolUsage: 255136
[23/Sept/2026:07:58:34 -07:00: profiler/debug] [job_id: j5687vxyg] [model.onnx] QuotaPeakNonPagedPoolUsage: 13384
[23/Sept/2026:07:58:34 -07:00: profiler/debug] [job_id: j5687vxyg] [model.onnx] PagefileUsage: 4911104
[23/Sept/2026:07:58:34 -07:00: profiler/debug] [job_id: j5687vxyg] [model.onnx] PeakPagefileUsage: 4911104
[23/Sept/2026:07:58:34 -07:00: profiler/info] [job_id: j5687vxyg] [model.onnx] Current memory commmit: 4796.0 kB.
[23/Sept/2026:07:58:34 -07:00: profiler/info] [job_id: j5687vxyg] [model.onnx] No Execution Providers specified; using compute unit=all to potentially enable execution providers.
[23/Sept/2026:07:58:34 -07:00: profiler/info] [job_id: j5687vxyg] [model.onnx] Adding QNN Execution Provider using C:\Temp\TestContent\bin\qnn_sdk\default\2.45.0\aarch64-windows-msvc\QnnHtp.dll.
[23/Sept/2026:07:58:34 -07:00: profiler/info] [job_id: j5687vxyg] [model.onnx] profiling_level = optrace
[23/Sept/2026:07:58:34 -07:00: profiler/info] [job_id: j5687vxyg] [model.onnx] Creating context binary cache: C:\Temp\QDC_logs\TungstenCache\model.onnx_11670091639314237005_13434688324000\model_ctx.onnx
[23/Sept/2026:07:58:34 -07:00: profiler/info] [job_id: j5687vxyg] [model.onnx] htp_performance_mode = burst
[23/Sept/2026:07:58:34 -07:00: profiler/info] [job_id: j5687vxyg] [model.onnx] htp_graph_finalization_optimization_mode = 3
[23/Sept/2026:07:58:34 -07:00: profiler/info] [job_id: j5687vxyg] [model.onnx] enable_htp_fp16_precision = 1. This should normally be '1' unless the model is fully quantized or on a device that does not support fp16.
[23/Sept/2026:07:58:34 -07:00: profiler/info] [job_id: j5687vxyg] [model.onnx] skip_qnn_version_check = 1
[23/Sept/2026:07:58:34 -07:00: profiler/info] [job_id: j5687vxyg] [model.onnx] context_priority = normal
[23/Sept/2026:07:58:34 -07:00: profiler/info] [job_id: j5687vxyg] [model.onnx] offload_graph_io_quantization = 1
[23/Sept/2026:07:58:34 -07:00: profiler/info] [job_id: j5687vxyg] [model.onnx] Adding CPU Execution Provider
[23/Sept/2026:07:58:34 -07:00: profiler/info] [job_id: j5687vxyg] [model.onnx] Loaded ONNX Runtime version 1.27.1.
[23/Sept/2026:07:58:34 -07:00: profiler/info] [job_id: j5687vxyg] [model.onnx] Loading ONNX model from mapped file C:\Temp\TestContent\Models\model.onnx.
[23/Sept/2026:07:58:36 -07:00: profiler/debug] [job_id: j5687vxyg] [model.onnx] PageFaultCount: 115828
[23/Sept/2026:07:58:36 -07:00: profiler/debug] [job_id: j5687vxyg] [model.onnx] PeakWorkingSetSize: 427954176
[23/Sept/2026:07:58:36 -07:00: profiler/debug] [job_id: j5687vxyg] [model.onnx] WorkingSetSize: 387076096
[23/Sept/2026:07:58:36 -07:00: profiler/debug] [job_id: j5687vxyg] [model.onnx] QuotaPeakPagedPoolUsage: 856192
[23/Sept/2026:07:58:36 -07:00: profiler/debug] [job_id: j5687vxyg] [model.onnx] QuotaPagedPoolUsage: 849624
[23/Sept/2026:07:58:36 -07:00: profiler/debug] [job_id: j5687vxyg] [model.onnx] QuotaPeakNonPagedPoolUsage: 33976
[23/Sept/2026:07:58:36 -07:00: profiler/debug] [job_id: j5687vxyg] [model.onnx] PagefileUsage: 231333888
[23/Sept/2026:07:58:36 -07:00: profiler/debug] [job_id: j5687vxyg] [model.onnx] PeakPagefileUsage: 274993152
[23/Sept/2026:07:58:36 -07:00: profiler/info] [job_id: j5687vxyg] [model.onnx] Status Successfully Loaded Cold with t = 2577311 us and usage: before = 4796.0 kB; peakBefore = 4796.0 kB; mallocUnusedBefore = 0.0 kB; after = 225912.0 kB; peakAfter = 268548.0 kB; mallocUnusedAfter = 0.0 kB; increase = 221116.0-221116.0 kB; peak = 263752.0-263752.0 kB
[23/Sept/2026:07:58:36 -07:00: profiler/info] [job_id: j5687vxyg] [model.onnx] Loaded onnx model.
[23/Sept/2026:07:58:36 -07:00: profiler/debug] [job_id: j5687vxyg] [model.onnx] Found QNN interface provider with API version 2.34.
[23/Sept/2026:07:58:36 -07:00: profiler/info] [job_id: j5687vxyg] [model.onnx] Saving results to C:\Temp\QDC_logs\TungstenArtifacts\Results\job_j5687vxyg\job_j5687vxyg_results.bin
[23/Sept/2026:14:58:36 -08:00: profiler/info] Detected Qualcomm SOC=SC8380XP. SOC Model=60, Hexagon arch=73, supports QNN=true, unsigned PDs=true, fp16=true, QNN flavor=default.
[23/Sept/2026:14:58:36 -08:00: profiler/info] This device type has up to 1 HTP cores but this may not reflect the current device's configuration.
[23/Sept/2026:14:58:36 -08:00: profiler/info] -=- Tungsten running task: loading -=-
[23/Sept/2026:14:58:36 -08:00: profiler/info] Setting Windows DLL directory to C:\Temp\TestContent\bin\qnn_sdk\default\2.45.0\aarch64-windows-msvc.
[23/Sept/2026:07:58:36 -07:00: profiler/info] [job_id: j5687vxyg] [model.onnx] Loading previously saved results in C:\Temp\QDC_logs\TungstenArtifacts\Results\job_j5687vxyg\job_j5687vxyg_results.bin
[23/Sept/2026:07:58:36 -07:00: profiler/info] [job_id: j5687vxyg] [model.onnx] Loading onnx model C:\Temp\TestContent\Models\model.onnx
[23/Sept/2026:07:58:36 -07:00: profiler/debug] [job_id: j5687vxyg] [model.onnx] PageFaultCount: 5784
[23/Sept/2026:07:58:36 -07:00: profiler/debug] [job_id: j5687vxyg] [model.onnx] PeakWorkingSetSize: 21032960
[23/Sept/2026:07:58:36 -07:00: profiler/debug] [job_id: j5687vxyg] [model.onnx] WorkingSetSize: 21032960
[23/Sept/2026:07:58:36 -07:00: profiler/debug] [job_id: j5687vxyg] [model.onnx] QuotaPeakPagedPoolUsage: 262168
[23/Sept/2026:07:58:37 -07:00: profiler/debug] [job_id: j5687vxyg] [model.onnx] QuotaPagedPoolUsage: 256080
[23/Sept/2026:07:58:37 -07:00: profiler/debug] [job_id: j5687vxyg] [model.onnx] QuotaPeakNonPagedPoolUsage: 14088
[23/Sept/2026:07:58:37 -07:00: profiler/debug] [job_id: j5687vxyg] [model.onnx] PagefileUsage: 4952064
[23/Sept/2026:07:58:37 -07:00: profiler/debug] [job_id: j5687vxyg] [model.onnx] PeakPagefileUsage: 4952064
[23/Sept/2026:07:58:37 -07:00: profiler/info] [job_id: j5687vxyg] [model.onnx] Current memory commmit: 4836.0 kB.
[23/Sept/2026:07:58:37 -07:00: profiler/info] [job_id: j5687vxyg] [model.onnx] No Execution Providers specified; using compute unit=all to potentially enable execution providers.
[23/Sept/2026:07:58:37 -07:00: profiler/info] [job_id: j5687vxyg] [model.onnx] Adding QNN Execution Provider using C:\Temp\TestContent\bin\qnn_sdk\default\2.45.0\aarch64-windows-msvc\QnnHtp.dll.
[23/Sept/2026:07:58:37 -07:00: profiler/info] [job_id: j5687vxyg] [model.onnx] htp_performance_mode = burst
[23/Sept/2026:07:58:37 -07:00: profiler/info] [job_id: j5687vxyg] [model.onnx] htp_graph_finalization_optimization_mode = 3
[23/Sept/2026:07:58:37 -07:00: profiler/info] [job_id: j5687vxyg] [model.onnx] enable_htp_fp16_precision = 1. This should normally be '1' unless the model is fully quantized or on a device that does not support fp16.
[23/Sept/2026:07:58:37 -07:00: profiler/info] [job_id: j5687vxyg] [model.onnx] skip_qnn_version_check = 1
[23/Sept/2026:07:58:37 -07:00: profiler/info] [job_id: j5687vxyg] [model.onnx] context_priority = normal
[23/Sept/2026:07:58:37 -07:00: profiler/info] [job_id: j5687vxyg] [model.onnx] offload_graph_io_quantization = 1
[23/Sept/2026:07:58:37 -07:00: profiler/info] [job_id: j5687vxyg] [model.onnx] Adding CPU Execution Provider
[23/Sept/2026:07:58:37 -07:00: profiler/info] [job_id: j5687vxyg] [model.onnx] Loaded ONNX Runtime version 1.27.1.
[23/Sept/2026:07:58:37 -07:00: profiler/info] [job_id: j5687vxyg] [model.onnx] Loading ONNX cached context binary from file path C:\Temp\QDC_logs\TungstenCache\model.onnx_11670091639314237005_13434688324000\model_ctx.onnx.
[23/Sept/2026:07:58:37 -07:00: profiler/warning] [job_id: j5687vxyg] [model.onnx] [onnxruntime] Failed to create context with file mapping enabled. Error: QNN_COMMON_ERROR_NOT_SUPPORTED: API or feature is not supported by implementation., Code : 1000. Retrying with feature disabled.
[23/Sept/2026:07:58:37 -07:00: profiler/debug] [job_id: j5687vxyg] [model.onnx] PageFaultCount: 37251
[23/Sept/2026:07:58:37 -07:00: profiler/debug] [job_id: j5687vxyg] [model.onnx] PeakWorkingSetSize: 69726208
[23/Sept/2026:07:58:37 -07:00: profiler/debug] [job_id: j5687vxyg] [model.onnx] WorkingSetSize: 64937984
[23/Sept/2026:07:58:37 -07:00: profiler/debug] [job_id: j5687vxyg] [model.onnx] QuotaPeakPagedPoolUsage: 409592
[23/Sept/2026:07:58:37 -07:00: profiler/debug] [job_id: j5687vxyg] [model.onnx] QuotaPagedPoolUsage: 401896
[23/Sept/2026:07:58:37 -07:00: profiler/debug] [job_id: j5687vxyg] [model.onnx] QuotaPeakNonPagedPoolUsage: 23472
[23/Sept/2026:07:58:37 -07:00: profiler/debug] [job_id: j5687vxyg] [model.onnx] PagefileUsage: 28889088
[23/Sept/2026:07:58:37 -07:00: profiler/debug] [job_id: j5687vxyg] [model.onnx] PeakPagefileUsage: 28983296
[23/Sept/2026:07:58:37 -07:00: profiler/info] [job_id: j5687vxyg] [model.onnx] Status Successfully Loaded Warm with t = 561389 us and usage: before = 4836.0 kB; peakBefore = 4836.0 kB; mallocUnusedBefore = 0.0 kB; after = 28212.0 kB; peakAfter = 28304.0 kB; mallocUnusedAfter = 0.0 kB; increase = 23376.0-23376.0 kB; peak = 23468.0-23468.0 kB
[23/Sept/2026:07:58:37 -07:00: profiler/info] [job_id: j5687vxyg] [model.onnx] Loaded onnx model.
[23/Sept/2026:07:58:37 -07:00: profiler/info] [job_id: j5687vxyg] [model.onnx] Saving results to C:\Temp\QDC_logs\TungstenArtifacts\Results\job_j5687vxyg\job_j5687vxyg_results.bin
[23/Sept/2026:14:58:37 -08:00: profiler/info] Detected Qualcomm SOC=SC8380XP. SOC Model=60, Hexagon arch=73, supports QNN=true, unsigned PDs=true, fp16=true, QNN flavor=default.
[23/Sept/2026:14:58:37 -08:00: profiler/info] This device type has up to 1 HTP cores but this may not reflect the current device's configuration.
[23/Sept/2026:14:58:37 -08:00: profiler/info] -=- Tungsten running task: performing inference -=-
[23/Sept/2026:14:58:37 -08:00: profiler/info] Setting Windows DLL directory to C:\Temp\TestContent\bin\qnn_sdk\default\2.45.0\aarch64-windows-msvc.
[23/Sept/2026:07:58:37 -07:00: profiler/info] [job_id: j5687vxyg] [model.onnx] Loading previously saved results in C:\Temp\QDC_logs\TungstenArtifacts\Results\job_j5687vxyg\job_j5687vxyg_results.bin
[23/Sept/2026:07:58:37 -07:00: profiler/debug] [job_id: j5687vxyg] [model.onnx] Starting profiler
[23/Sept/2026:07:58:37 -07:00: profiler/info] [job_id: j5687vxyg] [model.onnx] Loading onnx model C:\Temp\TestContent\Models\model.onnx
[23/Sept/2026:07:58:37 -07:00: profiler/debug] [job_id: j5687vxyg] [model.onnx] PageFaultCount: 5776
[23/Sept/2026:07:58:37 -07:00: profiler/debug] [job_id: j5687vxyg] [model.onnx] PeakWorkingSetSize: 21004288
[23/Sept/2026:07:58:38 -07:00: profiler/debug] [job_id: j5687vxyg] [model.onnx] WorkingSetSize: 21004288
[23/Sept/2026:07:58:38 -07:00: profiler/debug] [job_id: j5687vxyg] [model.onnx] QuotaPeakPagedPoolUsage: 262184
[23/Sept/2026:07:58:38 -07:00: profiler/debug] [job_id: j5687vxyg] [model.onnx] QuotaPagedPoolUsage: 256192
[23/Sept/2026:07:58:38 -07:00: profiler/debug] [job_id: j5687vxyg] [model.onnx] QuotaPeakNonPagedPoolUsage: 14280
[23/Sept/2026:07:58:38 -07:00: profiler/debug] [job_id: j5687vxyg] [model.onnx] PagefileUsage: 4907008
[23/Sept/2026:07:58:38 -07:00: profiler/debug] [job_id: j5687vxyg] [model.onnx] PeakPagefileUsage: 4907008
[23/Sept/2026:07:58:38 -07:00: profiler/info] [job_id: j5687vxyg] [model.onnx] Current memory commmit: 4792.0 kB.
[23/Sept/2026:07:58:38 -07:00: profiler/info] [job_id: j5687vxyg] [model.onnx] No Execution Providers specified; using compute unit=all to potentially enable execution providers.
[23/Sept/2026:07:58:38 -07:00: profiler/info] [job_id: j5687vxyg] [model.onnx] Adding QNN Execution Provider using C:\Temp\TestContent\bin\qnn_sdk\default\2.45.0\aarch64-windows-msvc\QnnHtp.dll.
[23/Sept/2026:07:58:38 -07:00: profiler/info] [job_id: j5687vxyg] [model.onnx] htp_performance_mode = burst
[23/Sept/2026:07:58:38 -07:00: profiler/info] [job_id: j5687vxyg] [model.onnx] htp_graph_finalization_optimization_mode = 3
[23/Sept/2026:07:58:38 -07:00: profiler/info] [job_id: j5687vxyg] [model.onnx] enable_htp_fp16_precision = 1. This should normally be '1' unless the model is fully quantized or on a device that does not support fp16.
[23/Sept/2026:07:58:38 -07:00: profiler/info] [job_id: j5687vxyg] [model.onnx] skip_qnn_version_check = 1
[23/Sept/2026:07:58:38 -07:00: profiler/info] [job_id: j5687vxyg] [model.onnx] context_priority = normal
[23/Sept/2026:07:58:38 -07:00: profiler/info] [job_id: j5687vxyg] [model.onnx] offload_graph_io_quantization = 1
[23/Sept/2026:07:58:38 -07:00: profiler/info] [job_id: j5687vxyg] [model.onnx] Adding CPU Execution Provider
[23/Sept/2026:07:58:38 -07:00: profiler/info] [job_id: j5687vxyg] [model.onnx] Loaded ONNX Runtime version 1.27.1.
[23/Sept/2026:07:58:38 -07:00: profiler/info] [job_id: j5687vxyg] [model.onnx] Loading ONNX cached context binary from file path C:\Temp\QDC_logs\TungstenCache\model.onnx_11670091639314237005_13434688324000\model_ctx.onnx.
[23/Sept/2026:07:58:38 -07:00: profiler/warning] [job_id: j5687vxyg] [model.onnx] [onnxruntime] Failed to create context with file mapping enabled. Error: QNN_COMMON_ERROR_NOT_SUPPORTED: API or feature is not supported by implementation., Code : 1000. Retrying with feature disabled.
[23/Sept/2026:07:58:38 -07:00: profiler/debug] [job_id: j5687vxyg] [model.onnx] PageFaultCount: 37218
[23/Sept/2026:07:58:38 -07:00: profiler/debug] [job_id: j5687vxyg] [model.onnx] PeakWorkingSetSize: 69611520
[23/Sept/2026:07:58:38 -07:00: profiler/debug] [job_id: j5687vxyg] [model.onnx] WorkingSetSize: 64286720
[23/Sept/2026:07:58:38 -07:00: profiler/debug] [job_id: j5687vxyg] [model.onnx] QuotaPeakPagedPoolUsage: 409608
[23/Sept/2026:07:58:38 -07:00: profiler/debug] [job_id: j5687vxyg] [model.onnx] QuotaPagedPoolUsage: 401912
[23/Sept/2026:07:58:38 -07:00: profiler/debug] [job_id: j5687vxyg] [model.onnx] QuotaPeakNonPagedPoolUsage: 23336
[23/Sept/2026:07:58:38 -07:00: profiler/debug] [job_id: j5687vxyg] [model.onnx] PagefileUsage: 27951104
[23/Sept/2026:07:58:38 -07:00: profiler/debug] [job_id: j5687vxyg] [model.onnx] PeakPagefileUsage: 28577792
[23/Sept/2026:07:58:38 -07:00: profiler/info] [job_id: j5687vxyg] [model.onnx] Status Successfully Loaded Warm with t = 576618 us and usage: before = 4792.0 kB; peakBefore = 4792.0 kB; mallocUnusedBefore = 0.0 kB; after = 27296.0 kB; peakAfter = 27908.0 kB; mallocUnusedAfter = 0.0 kB; increase = 22504.0-22504.0 kB; peak = 23116.0-23116.0 kB
[23/Sept/2026:07:58:38 -07:00: profiler/info] [job_id: j5687vxyg] [model.onnx] Loaded onnx model.
[23/Sept/2026:07:58:38 -07:00: profiler/debug] [job_id: j5687vxyg] [model.onnx] PageFaultCount: 37418
[23/Sept/2026:07:58:38 -07:00: profiler/debug] [job_id: j5687vxyg] [model.onnx] PeakWorkingSetSize: 69611520
[23/Sept/2026:07:58:38 -07:00: profiler/debug] [job_id: j5687vxyg] [model.onnx] WorkingSetSize: 65105920
[23/Sept/2026:07:58:38 -07:00: profiler/debug] [job_id: j5687vxyg] [model.onnx] QuotaPeakPagedPoolUsage: 409608
[23/Sept/2026:07:58:38 -07:00: profiler/debug] [job_id: j5687vxyg] [model.onnx] QuotaPagedPoolUsage: 402872
[23/Sept/2026:07:58:38 -07:00: profiler/debug] [job_id: j5687vxyg] [model.onnx] QuotaPeakNonPagedPoolUsage: 25096
[23/Sept/2026:07:58:38 -07:00: profiler/debug] [job_id: j5687vxyg] [model.onnx] PagefileUsage: 28561408
[23/Sept/2026:07:58:38 -07:00: profiler/debug] [job_id: j5687vxyg] [model.onnx] PeakPagefileUsage: 28577792
[23/Sept/2026:07:58:38 -07:00: profiler/info] [job_id: j5687vxyg] [model.onnx] Current memory commmit: 27892.0 kB.
[23/Sept/2026:07:58:38 -07:00: profiler/debug] [job_id: j5687vxyg] [model.onnx] PageFaultCount: 37960
[23/Sept/2026:07:58:38 -07:00: profiler/debug] [job_id: j5687vxyg] [model.onnx] PeakWorkingSetSize: 69611520
[23/Sept/2026:07:58:38 -07:00: profiler/debug] [job_id: j5687vxyg] [model.onnx] WorkingSetSize: 67317760
[23/Sept/2026:07:58:38 -07:00: profiler/debug] [job_id: j5687vxyg] [model.onnx] QuotaPeakPagedPoolUsage: 409608
[23/Sept/2026:07:58:38 -07:00: profiler/debug] [job_id: j5687vxyg] [model.onnx] QuotaPagedPoolUsage: 407320
[23/Sept/2026:07:58:38 -07:00: profiler/debug] [job_id: j5687vxyg] [model.onnx] QuotaPeakNonPagedPoolUsage: 26728
[23/Sept/2026:07:58:38 -07:00: profiler/debug] [job_id: j5687vxyg] [model.onnx] PagefileUsage: 32415744
[23/Sept/2026:07:58:38 -07:00: profiler/debug] [job_id: j5687vxyg] [model.onnx] PeakPagefileUsage: 32415744
[23/Sept/2026:07:58:38 -07:00: profiler/info] [job_id: j5687vxyg] [model.onnx] Successfully ran model for 100 iterations across 1 batches in 0.02 sec.
[23/Sept/2026:07:58:38 -07:00: profiler/info] [job_id: j5687vxyg] [model.onnx] Status Successfully Performed Inference with t = 160 us and usage: before = 27892.0 kB; peakBefore = 27908.0 kB; mallocUnusedBefore = 0.0 kB; after = 31656.0 kB; peakAfter = 31656.0 kB; mallocUnusedAfter = 0.0 kB; increase = 3764.0-3764.0 kB; peak = 3764.0-3764.0 kB
[23/Sept/2026:07:58:38 -07:00: profiler/info] [job_id: j5687vxyg] [model.onnx] Saving results to C:\Temp\QDC_logs\TungstenArtifacts\Results\job_j5687vxyg\job_j5687vxyg_results.bin
[23/Sept/2026:14:58:39 -08:00: profiler/info] Detected Qualcomm SOC=SC8380XP. SOC Model=60, Hexagon arch=73, supports QNN=true, unsigned PDs=true, fp16=true, QNN flavor=default.
[23/Sept/2026:14:58:39 -08:00: profiler/info] This device type has up to 1 HTP cores but this may not reflect the current device's configuration.
[23/Sept/2026:14:58:39 -08:00: profiler/info] -=- Tungsten running task: performing inference by layer -=-
[23/Sept/2026:14:58:39 -08:00: profiler/info] Setting Windows DLL directory to C:\Temp\TestContent\bin\qnn_sdk\default\2.45.0\aarch64-windows-msvc.
[23/Sept/2026:07:58:39 -07:00: profiler/info] [job_id: j5687vxyg] [model.onnx] Loading previously saved results in C:\Temp\QDC_logs\TungstenArtifacts\Results\job_j5687vxyg\job_j5687vxyg_results.bin
[23/Sept/2026:07:58:39 -07:00: profiler/debug] [job_id: j5687vxyg] [model.onnx] Starting profiler
[23/Sept/2026:07:58:39 -07:00: profiler/info] [job_id: j5687vxyg] [model.onnx] Loading onnx model C:\Temp\TestContent\Models\model.onnx
[23/Sept/2026:07:58:39 -07:00: profiler/debug] [job_id: j5687vxyg] [model.onnx] PageFaultCount: 5773
[23/Sept/2026:07:58:39 -07:00: profiler/debug] [job_id: j5687vxyg] [model.onnx] PeakWorkingSetSize: 20979712
[23/Sept/2026:07:58:39 -07:00: profiler/debug] [job_id: j5687vxyg] [model.onnx] WorkingSetSize: 20979712
[23/Sept/2026:07:58:39 -07:00: profiler/debug] [job_id: j5687vxyg] [model.onnx] QuotaPeakPagedPoolUsage: 262168
[23/Sept/2026:07:58:39 -07:00: profiler/debug] [job_id: j5687vxyg] [model.onnx] QuotaPagedPoolUsage: 256176
[23/Sept/2026:07:58:39 -07:00: profiler/debug] [job_id: j5687vxyg] [model.onnx] QuotaPeakNonPagedPoolUsage: 14280
[23/Sept/2026:07:58:39 -07:00: profiler/debug] [job_id: j5687vxyg] [model.onnx] PagefileUsage: 4902912
[23/Sept/2026:07:58:39 -07:00: profiler/debug] [job_id: j5687vxyg] [model.onnx] PeakPagefileUsage: 4902912
[23/Sept/2026:07:58:39 -07:00: profiler/info] [job_id: j5687vxyg] [model.onnx] Current memory commmit: 4788.0 kB.
[23/Sept/2026:07:58:39 -07:00: profiler/info] [job_id: j5687vxyg] [model.onnx] No Execution Providers specified; using compute unit=all to potentially enable execution providers.
[23/Sept/2026:07:58:39 -07:00: profiler/info] [job_id: j5687vxyg] [model.onnx] Adding QNN Execution Provider using C:\Temp\TestContent\bin\qnn_sdk\default\2.45.0\aarch64-windows-msvc\QnnHtp.dll.
[23/Sept/2026:07:58:39 -07:00: profiler/info] [job_id: j5687vxyg] [model.onnx] profiling_level = optrace
[23/Sept/2026:07:58:39 -07:00: profiler/info] [job_id: j5687vxyg] [model.onnx] htp_performance_mode = burst
[23/Sept/2026:07:58:39 -07:00: profiler/info] [job_id: j5687vxyg] [model.onnx] htp_graph_finalization_optimization_mode = 3
[23/Sept/2026:07:58:39 -07:00: profiler/info] [job_id: j5687vxyg] [model.onnx] enable_htp_fp16_precision = 1. This should normally be '1' unless the model is fully quantized or on a device that does not support fp16.
[23/Sept/2026:07:58:39 -07:00: profiler/info] [job_id: j5687vxyg] [model.onnx] skip_qnn_version_check = 1
[23/Sept/2026:07:58:39 -07:00: profiler/info] [job_id: j5687vxyg] [model.onnx] context_priority = normal
[23/Sept/2026:07:58:39 -07:00: profiler/info] [job_id: j5687vxyg] [model.onnx] offload_graph_io_quantization = 1
[23/Sept/2026:07:58:39 -07:00: profiler/info] [job_id: j5687vxyg] [model.onnx] Adding CPU Execution Provider
[23/Sept/2026:07:58:39 -07:00: profiler/info] [job_id: j5687vxyg] [model.onnx] Loaded ONNX Runtime version 1.27.1.
[23/Sept/2026:07:58:39 -07:00: profiler/info] [job_id: j5687vxyg] [model.onnx] Loading ONNX cached context binary from file path C:\Temp\QDC_logs\TungstenCache\model.onnx_11670091639314237005_13434688324000\model_ctx.onnx.
[23/Sept/2026:07:58:40 -07:00: profiler/warning] [job_id: j5687vxyg] [model.onnx] [onnxruntime] Failed to create context with file mapping enabled. Error: QNN_COMMON_ERROR_NOT_SUPPORTED: API or feature is not supported by implementation., Code : 1000. Retrying with feature disabled.
[23/Sept/2026:07:58:40 -07:00: profiler/debug] [job_id: j5687vxyg] [model.onnx] PageFaultCount: 103977
[23/Sept/2026:07:58:40 -07:00: profiler/debug] [job_id: j5687vxyg] [model.onnx] PeakWorkingSetSize: 201621504
[23/Sept/2026:07:58:40 -07:00: profiler/debug] [job_id: j5687vxyg] [model.onnx] WorkingSetSize: 201621504
[23/Sept/2026:07:58:40 -07:00: profiler/debug] [job_id: j5687vxyg] [model.onnx] QuotaPeakPagedPoolUsage: 669224
[23/Sept/2026:07:58:40 -07:00: profiler/debug] [job_id: j5687vxyg] [model.onnx] QuotaPagedPoolUsage: 668128
[23/Sept/2026:07:58:40 -07:00: profiler/debug] [job_id: j5687vxyg] [model.onnx] QuotaPeakNonPagedPoolUsage: 23336
[23/Sept/2026:07:58:40 -07:00: profiler/debug] [job_id: j5687vxyg] [model.onnx] PagefileUsage: 29118464
[23/Sept/2026:07:58:40 -07:00: profiler/debug] [job_id: j5687vxyg] [model.onnx] PeakPagefileUsage: 29147136
[23/Sept/2026:07:58:40 -07:00: profiler/info] [job_id: j5687vxyg] [model.onnx] Status Successfully Loaded Warm with t = 655684 us and usage: before = 4788.0 kB; peakBefore = 4788.0 kB; mallocUnusedBefore = 0.0 kB; after = 28436.0 kB; peakAfter = 28464.0 kB; mallocUnusedAfter = 0.0 kB; increase = 23648.0-23648.0 kB; peak = 23676.0-23676.0 kB
[23/Sept/2026:07:58:40 -07:00: profiler/info] [job_id: j5687vxyg] [model.onnx] Loaded onnx model.
[23/Sept/2026:07:58:40 -07:00: profiler/debug] [job_id: j5687vxyg] [model.onnx] PageFaultCount: 104048
[23/Sept/2026:07:58:40 -07:00: profiler/debug] [job_id: j5687vxyg] [model.onnx] PeakWorkingSetSize: 201912320
[23/Sept/2026:07:58:40 -07:00: profiler/debug] [job_id: j5687vxyg] [model.onnx] WorkingSetSize: 201912320
[23/Sept/2026:07:58:40 -07:00: profiler/debug] [job_id: j5687vxyg] [model.onnx] QuotaPeakPagedPoolUsage: 669224
[23/Sept/2026:07:58:40 -07:00: profiler/debug] [job_id: j5687vxyg] [model.onnx] QuotaPagedPoolUsage: 669088
[23/Sept/2026:07:58:40 -07:00: profiler/debug] [job_id: j5687vxyg] [model.onnx] QuotaPeakNonPagedPoolUsage: 25096
[23/Sept/2026:07:58:40 -07:00: profiler/debug] [job_id: j5687vxyg] [model.onnx] PagefileUsage: 29200384
[23/Sept/2026:07:58:40 -07:00: profiler/debug] [job_id: j5687vxyg] [model.onnx] PeakPagefileUsage: 29200384
[23/Sept/2026:07:58:40 -07:00: profiler/info] [job_id: j5687vxyg] [model.onnx] Current memory commmit: 28516.0 kB.
[23/Sept/2026:07:58:40 -07:00: profiler/debug] [job_id: j5687vxyg] [model.onnx] PageFaultCount: 104611
[23/Sept/2026:07:58:40 -07:00: profiler/debug] [job_id: j5687vxyg] [model.onnx] PeakWorkingSetSize: 204169216
[23/Sept/2026:07:58:40 -07:00: profiler/debug] [job_id: j5687vxyg] [model.onnx] WorkingSetSize: 204169216
[23/Sept/2026:07:58:40 -07:00: profiler/debug] [job_id: j5687vxyg] [model.onnx] QuotaPeakPagedPoolUsage: 673536
[23/Sept/2026:07:58:40 -07:00: profiler/debug] [job_id: j5687vxyg] [model.onnx] QuotaPagedPoolUsage: 673536
[23/Sept/2026:07:58:40 -07:00: profiler/debug] [job_id: j5687vxyg] [model.onnx] QuotaPeakNonPagedPoolUsage: 26992
[23/Sept/2026:07:58:40 -07:00: profiler/debug] [job_id: j5687vxyg] [model.onnx] PagefileUsage: 33067008
[23/Sept/2026:07:58:40 -07:00: profiler/debug] [job_id: j5687vxyg] [model.onnx] PeakPagefileUsage: 33091584
[23/Sept/2026:07:58:40 -07:00: profiler/info] [job_id: j5687vxyg] [model.onnx] Successfully ran model for 2 iterations across 1 batches in 0.014 sec.
[23/Sept/2026:07:58:40 -07:00: profiler/info] [job_id: j5687vxyg] [model.onnx] Status Successfully Performed Inference By Layer with t = 5641 us and usage: before = 28516.0 kB; peakBefore = 28516.0 kB; mallocUnusedBefore = 0.0 kB; after = 32292.0 kB; peakAfter = 32316.0 kB; mallocUnusedAfter = 0.0 kB; increase = 3776.0-3776.0 kB; peak = 3800.0-3800.0 kB
[23/Sept/2026:07:58:40 -07:00: profiler/info] [job_id: j5687vxyg] [model.onnx] Saving results to C:\Temp\QDC_logs\TungstenArtifacts\Results\job_j5687vxyg\job_j5687vxyg_results.bin
